UTC start: 2026-10-07T07:14:26.390269+00:00
CWD: /tmp/u1-cold-clone-rwaqeoco/checkout
$ uv run --no-sync lint-imports

╔══╗─────────▶╔╗ ╔╗      ╔╗◀───┐
╚╣╠╝◀─────┐  ╔╝╚╗║║────▶╔╝╚╗   │
 ║║   ╔══╦══╦╩╗╔╝║║  ╔╦═╩╗╔╝╔═╦══╗
 ║║╔══╣╔╗║╔╗║╔╣║ ║║ ╔╬╣╔╗║║ ║│║╔═╝
╔╣╠╣║║║╚╝║╚╝║║║╚╗║╚═╝║║║║║╚╗║═╣║
╚══╩╩╩╣╔═╩══╩╝╚═╝╚═══╩╩╝╚╩═╩╩═╩╝
  └──▶║║                    ▲ 
      ╚╝────────────────────┘


---------
Contracts
---------

Analyzed 42 files, 87 dependencies.
-----------------------------------

rk-uarch never imports rk-sim KEPT
the contract imports nothing from the harness KEPT

Contracts: 2 kept, 0 broken.

Exit code: 0
Elapsed seconds: 0.220
