UTC start: 2026-10-07T07:14:15.255235+00:00
CWD: /tmp/u1-cold-clone-rwaqeoco/checkout
$ uv sync --locked --extra dev --python 3.12.14
Using CPython 3.12.14 interpreter at: /home/jjaff/.local/bin/python3.12
Creating virtual environment at: .venv
Resolved 41 packages in 13ms
   Building rk-uarch @ file:///tmp/u1-cold-clone-rwaqeoco/checkout
Downloading numpy (15.9MiB)
Downloading pygments (1.2MiB)
Downloading mypy (14.6MiB)
Downloading grimp (2.2MiB)
Downloading pydantic-core (2.0MiB)
Downloading ruff (9.9MiB)
Downloading hypothesis (1.1MiB)
Downloading ast-serialize (1.3MiB)
 Downloaded hypothesis
 Downloaded pygments
 Downloaded ast-serialize
 Downloaded pydantic-core
 Downloaded grimp
      Built rk-uarch @ file:///tmp/u1-cold-clone-rwaqeoco/checkout
 Downloaded ruff
 Downloaded mypy
 Downloaded numpy
Prepared 35 packages in 1.41s
Installed 35 packages in 52ms
 + annotated-doc==0.0.5
 + annotated-types==0.8.0
 + ast-serialize==0.11.2
 + click==8.5.0
 + coverage==7.16.2
 + grimp==3.17
 + hypothesis==6.168.3
 + import-linter==2.15
 + iniconfig==2.3.0
 + jinja2==3.1.6
 + librt==0.16.0
 + markdown-it-py==4.2.0
 + markupsafe==3.0.3
 + mdurl==0.1.2
 + mypy==2.3.1
 + mypy-extensions==1.1.0
 + numpy==2.5.3
 + packaging==26.3
 + pathspec==1.1.1
 + pluggy==1.6.0
 + pydantic==2.13.5
 + pydantic-core==2.46.5
 + pygments==2.21.0
 + pytest==9.1.1
 + pytest-cov==7.1.0
 + pyyaml==6.0.3
 + rich==15.0.0
 + rk-uarch==0.0.1 (from file:///tmp/u1-cold-clone-rwaqeoco/checkout)
 + ruff==0.16.9
 + shellingham==1.5.4
 + sortedcontainers==2.4.0
 + typer==0.27.2
 + types-pyyaml==6.0.12.20260906
 + typing-extensions==4.16.0
 + typing-inspection==0.4.4

Exit code: 0
Elapsed seconds: 1.670
