FF                                                                       [100%]
=================================== FAILURES ===================================
________ test_real_h1_condition_order_does_not_change_table[canonical] _________

order = 'canonical'

    @pytest.mark.parametrize('order', ['canonical', 'reversed'])
    def test_real_h1_condition_order_does_not_change_table(order):
        hardware = HardwareSpec.model_validate(yaml.safe_load(Path('hw/designs/npu-l4.yaml').read_text()))
        raw = hardware.model_dump(mode='json')
        if order == 'canonical':
            raw = json.loads(canonical_json(raw))
        else:
            def reverse(v):
                if isinstance(v, dict):
                    return {k: reverse(v[k]) for k in reversed(v)}
                if isinstance(v, list):
                    return [reverse(x) for x in v]
                return v
            raw = reverse(raw)
        reordered = HardwareSpec.model_validate(raw)
        assert hardware == reordered and spec_hash(hardware) == spec_hash(reordered)
        intent, _ = inputs()
        intent = intent.model_copy(update={'hardware_spec_hash': spec_hash(hardware)})
        tables = []
        for hw in (hardware, reordered):
            captured = capture(prepare(intent, hw), assumptions=physical_assumptions())
            context, card, store = companions(captured)
            registry = dict(store[context.family_registry_hash])
            registry['entries'] = [dict(e, hardware_spec_hash=spec_hash(hw)) for e in registry['entries']]
            reviewed(registry, 'registry_hash', store)
            context = context.model_copy(update={'family_registry_hash': registry['registry_hash']})
            context = context.model_copy(update={'context_hash': content_hash(context, exclude=('context_hash',))})
            tables.append(build_table(captured, context=context, model_card=card, artifacts=store).table)
        assert tables[0].rows == tables[1].rows
>       assert canonical_json(tables[0]) == canonical_json(tables[1])
E       assert '{"artifacts"...put: tdp_w"]}' == '{"artifacts"...put: tdp_w"]}'
E         
E         Skipping 16092 identical leading characters in diff, use -v to show
E         Skipping 1104 identical trailing characters in diff, use -v to show
E         - _per_byte.dram","value":{"date":null,"kind":"stipulation","provenance":null,"rationale":"B1 hardware proposal, pending Javid: unvalidated interconnect/DRAM energy assumption; a design input, not a measured claim.","source":null,"unit":"pJ/byte","value":20.0}},{"path":"energy.pj_per_byte.noc_hop","value":{"date":null,"kind":"stipulation","provenance":null,"rationale":"B1 hardware proposal, pending Javid: unvalidated interconnect/DRAM ene...
E         
E         ...Full output truncated (4 lines hidden), use '-vv' to show

../u2-rr-c1-coordinator/test_condition_order.py:43: AssertionError
_________ test_real_h1_condition_order_does_not_change_table[reversed] _________

order = 'reversed'

    @pytest.mark.parametrize('order', ['canonical', 'reversed'])
    def test_real_h1_condition_order_does_not_change_table(order):
        hardware = HardwareSpec.model_validate(yaml.safe_load(Path('hw/designs/npu-l4.yaml').read_text()))
        raw = hardware.model_dump(mode='json')
        if order == 'canonical':
            raw = json.loads(canonical_json(raw))
        else:
            def reverse(v):
                if isinstance(v, dict):
                    return {k: reverse(v[k]) for k in reversed(v)}
                if isinstance(v, list):
                    return [reverse(x) for x in v]
                return v
            raw = reverse(raw)
        reordered = HardwareSpec.model_validate(raw)
        assert hardware == reordered and spec_hash(hardware) == spec_hash(reordered)
        intent, _ = inputs()
        intent = intent.model_copy(update={'hardware_spec_hash': spec_hash(hardware)})
        tables = []
        for hw in (hardware, reordered):
            captured = capture(prepare(intent, hw), assumptions=physical_assumptions())
            context, card, store = companions(captured)
            registry = dict(store[context.family_registry_hash])
            registry['entries'] = [dict(e, hardware_spec_hash=spec_hash(hw)) for e in registry['entries']]
            reviewed(registry, 'registry_hash', store)
            context = context.model_copy(update={'family_registry_hash': registry['registry_hash']})
            context = context.model_copy(update={'context_hash': content_hash(context, exclude=('context_hash',))})
            tables.append(build_table(captured, context=context, model_card=card, artifacts=store).table)
        assert tables[0].rows == tables[1].rows
>       assert canonical_json(tables[0]) == canonical_json(tables[1])
E       assert '{"artifacts"...put: tdp_w"]}' == '{"artifacts"...put: tdp_w"]}'
E         
E         Skipping 16092 identical leading characters in diff, use -v to show
E         Skipping 1104 identical trailing characters in diff, use -v to show
E         - _per_byte.dram","value":{"date":null,"kind":"stipulation","provenance":null,"rationale":"B1 hardware proposal, pending Javid: unvalidated interconnect/DRAM energy assumption; a design input, not a measured claim.","source":null,"unit":"pJ/byte","value":20.0}},{"path":"energy.pj_per_byte.noc_hop","value":{"date":null,"kind":"stipulation","provenance":null,"rationale":"B1 hardware proposal, pending Javid: unvalidated interconnect/DRAM ene...
E         
E         ...Full output truncated (4 lines hidden), use '-vv' to show

../u2-rr-c1-coordinator/test_condition_order.py:43: AssertionError
=========================== short test summary info ============================
FAILED ../u2-rr-c1-coordinator/test_condition_order.py::test_real_h1_condition_order_does_not_change_table[canonical]
FAILED ../u2-rr-c1-coordinator/test_condition_order.py::test_real_h1_condition_order_does_not_change_table[reversed]
2 failed in 4.08s
