uv run uarch table --help
usage: uarch table [-h]
                   (--prepared-input PREPARED_INPUT | --intent INTENT | --model MODEL)
                   [--precision PRECISION] [--kv-precision KV_PRECISION]
                   [--tp TP] [--grid GRID] [--initial-state {cold,steady}]
                   [--analytic-mode {aggregate,per_op}] [--engine {analytic}]
                   [--hardware HARDWARE] [--embedding-hits EMBEDDING_HITS]
                   [--synthetic-assignment] [--rank-index RANK_INDEX] --output
                   OUTPUT --assumptions ASSUMPTIONS [--workers WORKERS]
                   [--capture-dir CAPTURE_DIR] --context CONTEXT --model-card
                   MODEL_CARD --artifact-dir ARTIFACT_DIR
                   [spec]

positional arguments:
  spec

options:
  -h, --help            show this help message and exit
  --prepared-input PREPARED_INPUT
  --intent INTENT
  --model MODEL
  --precision PRECISION
  --kv-precision KV_PRECISION
  --tp TP
  --grid GRID
  --initial-state {cold,steady}
  --analytic-mode {aggregate,per_op}
  --engine {analytic}
  --hardware HARDWARE
  --embedding-hits EMBEDDING_HITS
  --synthetic-assignment
  --rank-index RANK_INDEX
  --output OUTPUT
  --assumptions ASSUMPTIONS
  --workers WORKERS
  --capture-dir CAPTURE_DIR
  --context CONTEXT
  --model-card MODEL_CARD
  --artifact-dir ARTIFACT_DIR
