fresh_actual_adopted_execution started
fresh_actual_adopted_execution 27.435942557873204
save_fresh_comparisons_and_capture started
save_fresh_comparisons_and_capture 1.022115777945146
fresh_yaml_order_table_package started
fresh_yaml_order_table_package 89.62722329702228
public_write_fresh_package started
public_write_fresh_package 76.62949513504282
public_disk_load_fresh started
public_disk_load_fresh 91.24528657598421
public_memory_verify started
public_memory_verify 80.82775850407779
independent_full_ratio_contributor_coverage started
independent_full_ratio_contributor_coverage 1.6211311311926693
render_hidden started
render_hidden 101.47106143110432
render_opt-in started
render_opt-in 104.14262253907509
serialized_html_markdown_all_ratio_values started
{"hidden": {"html": {"checked": 40320, "visible": 0}, "markdown": {"checked": 40320, "visible": 0}}, "opt-in": {"html": {"checked": 40320, "visible": 18768}, "markdown": {"checked": 40320, "visible": 18768}}}
serialized_html_markdown_all_ratio_values 2.6267498962115496
repeat_hidden started
repeat_hidden 104.4153724478092
repeat_opt-in started
repeat_opt-in 106.02025268785655
repeat_stream_bytes started
repeat_stream_bytes 0.3511501809116453
verify_all_saved_physical_results_producers_disabled started
verify_all_saved_physical_results_producers_disabled 3.189848027890548
public_canonical_prepared_loader started
public_canonical_prepared_loader 0.1433606951031834
rebuild_saved_canonical_table_producers_disabled started
rebuild_saved_canonical_table_producers_disabled 93.52259612991475
public_write_replayed_package started
public_write_replayed_package 94.34244059794582
replay_package_stream_bytes started
replay_package_stream_bytes 0.15395511500537395
public_replay_disk_load started
public_replay_disk_load 98.48427834594622
replay_render_hidden started
replay_render_hidden 98.26568785100244
replay_render_opt-in started
replay_render_opt-in 102.69716257392429
replay_all_stream_bytes started
replay_all_stream_bytes 0.5397515308577567
capability_table_hash started
capability_table_hash 90.10394889884628
capability_report_context_hash started
capability_report_context_hash 90.65561332902871
capability_renderer_version started
capability_renderer_version 95.08728916500695
PASS: fresh execution, full reports, repetition, completely producer-disabled replay and three capability refusals
