assemble-fresh-a 0
table-fresh-a 0
report-fresh-a-default 0
report-fresh-a-optin 0
assemble-fresh-b 0
table-fresh-b 0
report-fresh-b-default 0
report-fresh-b-optin 0
assemble-saved-replay 0
table-saved-replay 0
report-saved-replay-default 0
report-saved-replay-optin 0
guard-negative-capture 1
guard-negative-prepare 1
{
  "status": "passed: actual-reviewed eight-point public workflow demonstration",
  "source_tree": "7fee0a8ed0c5d7bbb20b65c1cf68672470a5ac60",
  "python": "3.12.14 (main, Sep  1 2026, 14:16:52) [Clang 22.1.3 ]",
  "platform": "Linux-6.6.87.2-microsoft-standard-WSL2-x86_64-with-glibc2.39",
  "output_directory": "/tmp/u2-doc-demo-aaqofiip/outputs",
  "points": 8,
  "table_hash": "sha256:d55dfc66a0d33aff209a82353eba7e5316db20eb8cb51d56c9d6ab75124ba6be",
  "context_hash": "sha256:9508dbc2d93c813c9b049cf422c345c30bf7d07762be1cbc51c7b2ab1fce230f",
  "identical_output_files_per_run": 61,
  "identical_bytes_per_run": 36707563,
  "runs_compared": [
    "fresh-a",
    "fresh-b",
    "saved-replay"
  ],
  "saved_replay_producers_disabled": true,
  "negative_producer_controls": 2,
  "assembly_and_report_commands_producers_disabled": true,
  "actual_reviews_bound_without_subject_change": true,
  "modes": {
    "default": {
      "declared_prediction_paths": 1992,
      "visible_prediction_paths": 0,
      "render_hash": "sha256:1221d5dc34016d5a53a398f2ba7cc29f59e42fa12598976d20593f73b14ce4c5",
      "synthetic_presentation_enabled": false
    },
    "optin": {
      "declared_prediction_paths": 1992,
      "visible_prediction_paths": 1992,
      "render_hash": "sha256:2adb133ca94d85b120d29521ce0a28f8db98283204f7040a4cb39bd432f11145",
      "synthetic_presentation_enabled": false
    }
  },
  "original_inputs_and_external_review_files_unchanged": true,
  "comparison_intake": [],
  "full_matrix_exit": false,
  "oracle_generated_or_adopted": false,
  "u0021_gate": false,
  "commit_push_tag_closure": false
}
ROW {"analytic_mode": "per_op", "attribution_s": {"compute": 0.0, "memory": 0.015038327296, "noc": 0.0, "overhead": 0.0, "sync": 0.0}, "batch": 1, "counts": {"matrix_ops": 15076425728.0, "memory_read_bytes": 15032942592.0, "memory_write_bytes": 5384704.0, "vector_ops": 5267456.0}, "diagnostics": {"dma_compute_overlap_ratio": null, "dram_bw_util_ratio": null, "dram_row_hit_ratio": null, "matrix_util_ratio": null, "noc_latency_p50_s": null, "noc_latency_p99_s": null, "noc_max_link_util_ratio": null, "sram_bank_conflict_stall_ratio": null, "vector_util_ratio": null}, "duration_s": 0.015038327296, "ext_counts": {"noc_flit_hop_count": null, "sram_read_bytes": null, "sram_write_bytes": null}, "frequency_ratio": 1.0, "op_results": [{"achieved_ops_per_s": 0.0, "bound": "memory", "compute_time_ps": 0.0, "counts": {"matrix_ops": 0.0, "memory_read_bytes": 8192.0, "memory_write_bytes": 8192.0, "vector_ops": 0.0}, "dram_bw_bytes_per_s": 1000000000000.0, "duration_ps": 16384.0, "group_id": "head", "id": "head/embedding", "instances": 1, "matrix_peak_ops_per_s": 524288000000000.0, "memory_time_ps": 16384.0, "operational_intensity_ops_per_byte": 0.0, "ridge_ops_per_byte": 524.288, "scope": {"array_fill": null, "dram_load_regime": null, "intensity_regime": "low", "mapping_match": null, "noc_load_regime": null, "op_class": "embedding", "precision_roles": {"compute": "bf16", "kv_cache": "bf16", "operands": {"W": "bf16", "Y": "bf16"}}}, "vector_peak_ops_per_s": 1024000000000.0}, {"achieved_ops_per_s": 0.0, "bound": "memory", "compute_time_ps": 768000.0, "counts": {"matrix_ops": 0.0, "memory_read_bytes": 524288.0, "memory_write_bytes": 262144.0, "vector_ops": 786432.0}, "dram_bw_bytes_per_s": 1000000000000.0, "duration_ps": 786432.0, "group_id": "decoder-0", "id": "decoder-0/attention_norm", "instances": 32, "matrix_peak_ops_per_s": 524288000000000.0, "memory_time_ps": 786432.0, "operational_intensity_ops_per_byte": 0.0, "ridge_ops_per_byte": 524.288, "scope": {"array_fill": null, "dram_load_regime": null, "intensity_regime": "low", "mapping_match": null, "noc_load_regime": null, "op_class": "normalization", "precision_roles": {"compute": "bf16", "kv_cache": "bf16", "operands": {"W": "bf16", "X": "bf16", "Y": "bf16"}}}, "vector_peak_ops_per_s": 1024000000000.0}, {"achieved_ops_per_s": 999511957052.2207, "bound": "memory", "compute_time_ps": 2048000.0000000002, "counts": {"matrix_ops": 1073741824.0, "memory_read_bytes": 1074003968.0, "memory_write_bytes": 262144.0, "vector_ops": 0.0}, "dram_bw_bytes_per_s": 1000000000000.0, "duration_ps": 1074266112.0, "group_id": "decoder-0", "id": "decoder-0/q_projection", "instances": 32, "matrix_peak_ops_per_s": 524288000000000.0, "memory_time_ps": 1074266112.0, "operational_intensity_ops_per_byte": 0.9995119570522206, "ridge_ops_per_byte": 524.288, "scope": {"array_fill": "underfilled", "dram_load_regime": null, "intensity_regime": "low", "mapping_match": null, "noc_load_regime": null, "op_class": "q_projection", "precision_roles": {"compute": "bf16", "kv_cache": "bf16", "operands": {"W": "bf16", "X": "bf16", "Y": "bf16"}}}, "vector_peak_ops_per_s": 1024000000000.0}, {"achieved_ops_per_s": 998780785174.3478, "bound": "memory", "compute_time_ps": 512000.00000000006, "counts": {"matrix_ops": 268435456.0, "memory_read_bytes": 268697600.0, "memory_write_bytes": 65536.0, "vector_ops": 0.0}, "dram_bw_bytes_per_s": 1000000000000.0, "duration_ps": 268763136.0, "group_id": "decoder-0", "id": "decoder-0/k_projection", "instances": 32, "matrix_peak_ops_per_s": 524288000000000.0, "memory_time_ps": 268763136.0, "operational_intensity_ops_per_byte": 0.9987807851743478, "ridge_ops_per_byte": 524.288, "scope": {"array_fill": "underfilled", "dram_load_regime": null, "intensity_regime": "low", "mapping_match": null, "noc_load_regime": null, "op_class": "k_projection", "precision_roles": {"compute": "bf16", "kv_cache": "bf16", "operands": {"W": "bf16", "X": "bf16", "Y": "bf16"}}}, "vector_peak_ops_per_s": 1024000000000.0}, {"achieved_ops_per_s": 998780785174.3478, "bound": "memory", "compute_time_ps": 512000.00000000006, "counts": {"matrix_ops": 268435456.0, "memory_read_bytes": 268697600.0, "memory_write_bytes": 65536.0, "vector_ops": 0.0}, "dram_bw_bytes_per_s": 1000000000000.0, "duration_ps": 268763136.0, "group_id": "decoder-0", "id": "decoder-0/v_projection", "instances": 32, "matrix_peak_ops_per_s": 524288000000000.0, "memory_time_ps": 268763136.0, "operational_intensity_ops_per_byte": 0.9987807851743478, "ridge_ops_per_byte": 524.288, "scope": {"array_fill": "underfilled", "dram_load_regime": null, "intensity_regime": "low", "mapping_match": null, "noc_load_regime": null, "op_class": "v_projection", "precision_roles": {"compute": "bf16", "kv_cache": "bf16", "operands": {"W": "bf16", "X": "bf16", "Y": "bf16"}}}, "vector_peak_ops_per_s": 1024000000000.0}, {"achieved_ops_per_s": 0.0, "bound": "memory", "compute_time_ps": 0.0, "counts": {"matrix_ops": 0.0, "memory_read_bytes": 131072.0, "memory_write_bytes": 131072.0, "vector_ops": 0.0}, "dram_bw_bytes_per_s": 1000000000000.0, "duration_ps": 262144.0, "group_id": "decoder-0", "id": "decoder-0/kv_write", "instances": 32, "matrix_peak_ops_per_s": 524288000000000.0, "memory_time_ps": 262144.0, "operational_intensity_ops_per_byte": 0.0, "ridge_ops_per_byte": 524.288, "scope": {"array_fill": null, "dram_load_regime": null, "intensity_regime": "low", "mapping_match": null, "noc_load_regime": null, "op_class": "kv_write", "precision_roles": {"compute": "bf16", "kv_cache": "bf16", "operands": {"K": "bf16", "K_cache": "bf16", "V": "bf16", "V_cache": "bf16"}}}, "vector_peak_ops_per_s": 1024000000000.0}, {"achieved_ops_per_s": 3878787878787.8784, "bound": "memory", "compute_time_ps": 768000.0, "counts": {"matrix_ops": 67108864.0, "memory_read_bytes": 17039360.0, "memory_write_bytes": 262144.0, "vector_ops": 655360.0}, "dram_bw_bytes_per_s": 1000000000000.0, "duration_ps": 17301504.0, "group_id": "decoder-0", "id": "decoder-0/attention_fused", "instances": 32, "matrix_peak_ops_per_s": 524288000000000.0, "memory_time_ps": 17301504.0, "operational_intensity_ops_per_byte": 3.878787878787879, "ridge_ops_per_byte": 524.288, "scope": {"array_fill": null, "dram_load_regime": null, "intensity_regime": "low", "mapping_match": null, "noc_load_regime": null, "op_class": "attention_fused", "precision_roles": {"compute": "bf16", "kv_cache": "bf16", "operands": {"K": "bf16", "O": "bf16", "Q": "bf16", "V": "bf16"}}}, "vector_peak_ops_per_s": 1024000000000.0}, {"achieved_ops_per_s": 999511957052.2207, "bound": "memory", "compute_time_ps": 2048000.0000000002, "counts": {"matrix_ops": 1073741824.0, "memory_read_bytes": 1074003968.0, "memory_write_bytes": 262144.0, "vector_ops": 0.0}, "dram_bw_bytes_per_s": 1000000000000.0, "duration_ps": 1074266112.0, "group_id": "decoder-0", "id": "decoder-0/output_projection", "instances": 32, "matrix_peak_ops_per_s": 524288000000000.0, "memory_time_ps": 1074266112.0, "operational_intensity_ops_per_byte": 0.9995119570522206, "ridge_ops_per_byte": 524.288, "scope": {"array_fill": "underfilled", "dram_load_regime": null, "intensity_regime": "low", "mapping_match": null, "noc_load_regime": null, "op_class": "output_projection", "precision_roles": {"compute": "bf16", "kv_cache": "bf16", "operands": {"W": "bf16", "X": "bf16", "Y": "bf16"}}}, "vector_peak_ops_per_s": 1024000000000.0}, {"achieved_ops_per_s": 0.0, "bound": "memory", "compute_time_ps": 128000.00000000001, "counts": {"matrix_ops": 0.0, "memory_read_bytes": 524288.0, "memory_write_bytes": 262144.0, "vector_ops": 131072.0}, "dram_bw_bytes_per_s": 1000000000000.0, "duration_ps": 786432.0, "group_id": "decoder-0", "id": "decoder-0/attention_residual", "instances": 32, "matrix_peak_ops_per_s": 524288000000000.0, "memory_time_ps": 786432.0, "operational_intensity_ops_per_byte": 0.0, "ridge_ops_per_byte": 524.288, "scope": {"array_fill": null, "dram_load_regime": null, "intensity_regime": "low", "mapping_match": null, "noc_load_regime": null, "op_class": "residual_addition", "precision_roles": {"compute": "bf16", "kv_cache": "bf16", "operands": {"R": "bf16", "X": "bf16", "Y": "bf16"}}}, "vector_peak_ops_per_s": 1024000000000.0}, {"achieved_ops_per_s": 0.0, "bound": "memory", "compute_time_ps": 768000.0, "counts": {"matrix_ops": 0.0, "memory_read_bytes": 524288.0, "memory_write_bytes": 262144.0, "vector_ops": 786432.0}, "dram_bw_bytes_per_s": 1000000000000.0, "duration_ps": 786432.0, "group_id": "decoder-0", "id": "decoder-0/ffn_norm", "instances": 32, "matrix_peak_ops_per_s": 524288000000000.0, "memory_time_ps": 786432.0, "operational_intensity_ops_per_byte": 0.0, "ridge_ops_per_byte": 524.288, "scope": {"array_fill": null, "dram_load_regime": null, "intensity_regime": "low", "mapping_match": null, "noc_load_regime": null, "op_class": "normalization", "precision_roles": {"compute": "bf16", "kv_cache": "bf16", "operands": {"W": "bf16", "X": "bf16", "Y": "bf16"}}}, "vector_peak_ops_per_s": 1024000000000.0}, {"achieved_ops_per_s": 999686203409.923, "bound": "memory", "compute_time_ps": 7168000.0, "counts": {"matrix_ops": 3758096384.0, "memory_read_bytes": 3758358528.0, "memory_write_bytes": 917504.0, "vector_ops": 0.0}, "dram_bw_bytes_per_s": 1000000000000.0, "duration_ps": 3759276032.0, "group_id": "decoder-0", "id": "decoder-0/ffn_up", "instances": 32, "matrix_peak_ops_per_s": 524288000000000.0, "memory_time_ps": 3759276032.0, "operational_intensity_ops_per_byte": 0.999686203409923, "ridge_ops_per_byte": 524.288, "scope": {"array_fill": "underfilled", "dram_load_regime": null, "intensity_regime": "low", "mapping_match": null, "noc_load_regime": null, "op_class": "ffn_up", "precision_roles": {"compute": "bf16", "kv_cache": "bf16", "operands": {"W": "bf16", "X": "bf16", "Y": "bf16"}}}, "vector_peak_ops_per_s": 1024000000000.0}, {"achieved_ops_per_s": 999686203409.923, "bound": "memory", "compute_time_ps": 7168000.0, "counts": {"matrix_ops": 3758096384.0, "memory_read_bytes": 3758358528.0, "memory_write_bytes": 917504.0, "vector_ops": 0.0}, "dram_bw_bytes_per_s": 1000000000000.0, "duration_ps": 3759276032.0, "group_id": "decoder-0", "id": "decoder-0/ffn_gate", "instances": 32, "matrix_peak_ops_per_s": 524288000000000.0, "memory_time_ps": 3759276032.0, "operational_intensity_ops_per_byte": 0.999686203409923, "ridge_ops_per_byte": 524.288, "scope": {"array_fill": "underfilled", "dram_load_regime": null, "intensity_regime": "low", "mapping_match": null, "noc_load_regime": null, "op_class": "ffn_gate", "precision_roles": {"compute": "bf16", "kv_cache": "bf16", "operands": {"W": "bf16", "X": "bf16", "Y": "bf16"}}}, "vector_peak_ops_per_s": 1024000000000.0}, {"achieved_ops_per_s": 0.0, "bound": "memory", "compute_time_ps": 2688000.0, "counts": {"matrix_ops": 0.0, "memory_read_bytes": 1835008.0, "memory_write_bytes": 917504.0, "vector_ops": 2752512.0}, "dram_bw_bytes_per_s": 1000000000000.0, "duration_ps": 2752512.0, "group_id": "decoder-0", "id": "decoder-0/activation", "instances": 32, "matrix_peak_ops_per_s": 524288000000000.0, "memory_time_ps": 2752512.0, "operational_intensity_ops_per_byte": 0.0, "ridge_ops_per_byte": 524.288, "scope": {"array_fill": null, "dram_load_regime": null, "intensity_regime": "low", "mapping_match": null, "noc_load_regime": null, "op_class": "activation", "precision_roles": {"compute": "bf16", "kv_cache": "bf16", "operands": {"G": "bf16", "X": "bf16", "Y": "bf16"}}}, "vector_peak_ops_per_s": 1024000000000.0}, {"achieved_ops_per_s": 999686203409.923, "bound": "memory", "compute_time_ps": 7168000.0, "counts": {"matrix_ops": 3758096384.0, "memory_read_bytes": 3759013888.0, "memory_write_bytes": 262144.0, "vector_ops": 0.0}, "dram_bw_bytes_per_s": 1000000000000.0, "duration_ps": 3759276032.0, "group_id": "decoder-0", "id": "decoder-0/ffn_down", "instances": 32, "matrix_peak_ops_per_s": 524288000000000.0, "memory_time_ps": 3759276032.0, "operational_intensity_ops_per_byte": 0.999686203409923, "ridge_ops_per_byte": 524.288, "scope": {"array_fill": "underfilled", "dram_load_regime": null, "intensity_regime": "low", "mapping_match": null, "noc_load_regime": null, "op_class": "ffn_down", "precision_roles": {"compute": "bf16", "kv_cache": "bf16", "operands": {"W": "bf16", "X": "bf16", "Y": "bf16"}}}, "vector_peak_ops_per_s": 1024000000000.0}, {"achieved_ops_per_s": 0.0, "bound": "memory", "compute_time_ps": 128000.00000000001, "counts": {"matrix_ops": 0.0, "memory_read_bytes": 524288.0, "memory_write_bytes": 262144.0, "vector_ops": 131072.0}, "dram_bw_bytes_per_s": 1000000000000.0, "duration_ps": 786432.0, "group_id": "decoder-0", "id": "decoder-0/ffn_residual", "instances": 32, "matrix_peak_ops_per_s": 524288000000000.0, "memory_time_ps": 786432.0, "operational_intensity_ops_per_byte": 0.0, "ridge_ops_per_byte": 524.288, "scope": {"array_fill": null, "dram_load_regime": null, "intensity_regime": "low", "mapping_match": null, "noc_load_regime": null, "op_class": "residual_addition", "precision_roles": {"compute": "bf16", "kv_cache": "bf16", "operands": {"R": "bf16", "X": "bf16", "Y": "bf16"}}}, "vector_peak_ops_per_s": 1024000000000.0}, {"achieved_ops_per_s": 0.0, "bound": "memory", "compute_time_ps": 24000.0, "counts": {"matrix_ops": 0.0, "memory_read_bytes": 16384.0, "memory_write_bytes": 8192.0, "vector_ops": 24576.0}, "dram_bw_bytes_per_s": 1000000000000.0, "duration_ps": 24576.0, "group_id": "tail", "id": "tail/final_norm", "instances": 1, "matrix_peak_ops_per_s": 524288000000000.0, "memory_time_ps": 24576.0, "operational_intensity_ops_per_byte": 0.0, "ridge_ops_per_byte": 524.288, "scope": {"array_fill": null, "dram_load_regime": null, "intensity_regime": "low", "mapping_match": null, "noc_load_regime": null, "op_class": "normalization", "precision_roles": {"compute": "bf16", "kv_cache": "bf16", "operands": {"W": "bf16", "X": "bf16", "Y": "bf16"}}}, "vector_peak_ops_per_s": 1024000000000.0}, {"achieved_ops_per_s": 999748125925.3448, "bound": "memory", "compute_time_ps": 2004000.0000000002, "counts": {"matrix_ops": 1050673152.0, "memory_read_bytes": 1050681344.0, "memory_write_bytes": 256512.0, "vector_ops": 0.0}, "dram_bw_bytes_per_s": 1000000000000.0, "duration_ps": 1050937856.0000001, "group_id": "tail", "id": "tail/lm_head", "instances": 1, "matrix_peak_ops_per_s": 524288000000000.0, "memory_time_ps": 1050937856.0000001, "operational_intensity_ops_per_byte": 0.9997481259253449, "ridge_ops_per_byte": 524.288, "scope": {"array_fill": "underfilled", "dram_load_regime": null, "intensity_regime": "low", "mapping_match": null, "noc_load_regime": null, "op_class": "lm_head", "precision_roles": {"compute": "bf16", "kv_cache": "bf16", "operands": {"W": "bf16", "X": "bf16", "Y": "bf16"}}}, "vector_peak_ops_per_s": 1024000000000.0}], "peak_resident_bytes": {"hbm": null, "sram": null}, "phase": "decode", "point_hash": "sha256:c81b774ec99cda22202d2764f4ed771fd9b559b62c96a1c7da36c470000bd900", "result_hash": "sha256:05fa57a008860bff8c346c3e8635d49e82e6a0e685ce849e8216e2837b299572", "state_model": "stateless_roofline", "total_context_tokens": 128, "u_c0_duration_s": 0.015038327296}
ROW_CONTENT_HASH sha256:e2f0c393c09b90c0a3ff7761d7b2e6b529a493b4830032a8562138d860843467
OUTPUT_ROOT /tmp/u2-doc-demo-aaqofiip
