fresh_actual_adopted_execution started
fresh_actual_adopted_execution 27.178162173135206
save_fresh_comparisons_and_capture started
save_fresh_comparisons_and_capture 0.8467440090607852
fresh_yaml_order_table_package started
fresh_yaml_order_table_package 91.65507297310978
public_write_fresh_package started
public_write_fresh_package 85.01377953588963
public_disk_load_fresh started
public_disk_load_fresh 100.67496478487737
public_memory_verify started
public_memory_verify 82.3132848199457
independent_full_ratio_contributor_coverage started
independent_full_ratio_contributor_coverage 0.3782507700379938
render_hidden started
render_hidden 103.15141865215264
render_opt-in started
render_opt-in 100.79420012701303
serialized_html_markdown_all_ratio_values started
{"hidden": {"html": {"checked": 40320, "visible": 0}, "markdown": {"checked": 40320, "visible": 0}}, "opt-in": {"html": {"checked": 40320, "visible": 18768}, "markdown": {"checked": 40320, "visible": 18768}}}
serialized_html_markdown_all_ratio_values 2.7639610830228776
repeat_hidden started
repeat_hidden 100.10252281301655
repeat_opt-in started
repeat_opt-in 99.68768172804266
repeat_stream_bytes started
repeat_stream_bytes 0.5065761818550527
verify_all_saved_physical_results_producers_disabled started
verify_all_saved_physical_results_producers_disabled 3.2753293791320175
public_canonical_prepared_loader started
public_canonical_prepared_loader 0.15216843597590923
rebuild_saved_canonical_table_producers_disabled started
rebuild_saved_canonical_table_producers_disabled 83.23892015521415
public_write_replayed_package started
public_write_replayed_package 92.72540511307307
replay_package_stream_bytes started
replay_package_stream_bytes 0.17174292099662125
public_replay_disk_load started
public_replay_disk_load 93.49047614517622
replay_render_hidden started
replay_render_hidden 105.68900368688628
replay_render_opt-in started
replay_render_opt-in 104.80956968804821
replay_all_stream_bytes started
replay_all_stream_bytes 0.7165160770528018
capability_table_hash started
capability_table_hash 85.93140159500763
capability_report_context_hash started
capability_report_context_hash 87.11301605496556
capability_renderer_version started
capability_renderer_version 87.60194623214193
PASS: fresh execution, full reports, repetition, completely producer-disabled replay and three capability refusals
